Component: ARM Compiler 5.06 update 1 (build 61) Tool: armlink [4d35a8]

==============================================================================

Section Cross References

    startup_stm32f2xx.o(RESET) refers to startup_stm32f2xx.o(STACK) for __initial_sp
    startup_stm32f2xx.o(RESET) refers to startup_stm32f2xx.o(.text) for Reset_Handler
    startup_stm32f2xx.o(RESET) refers to stm32f2xx_it.o(.text) for NMI_Handler
    startup_stm32f2xx.o(.text) refers to system_stm32f2xx.o(.text) for SystemInit
    startup_stm32f2xx.o(.text) refers to entry.o(.ARM.Collect$$$$00000000) for __main
    system_stm32f2xx.o(.text) refers to misc.o(.text) for NVIC_SetVectorTable
    system_stm32f2xx.o(.text) refers to system_stm32f2xx.o(.data) for SystemCoreClock
    flash_if.o(.text) refers to stm32f2xx_flash.o(.text) for FLASH_Unlock
    base64.o(.text) refers to mallocr.o(i.__malloc$realloc) for malloc
    base64.o(.text) refers to memseta.o(.text) for __aeabi_memset
    base64.o(.text) refers to base64.o(.constdata) for base64_table
    flash_configurations.o(.text) refers to flash_if.o(.text) for FLASH_If_Init
    flash_configurations.o(.text) refers to stm32f2xx_flash.o(.text) for FLASH_Lock
    flash_configurations.o(.text) refers to memcpy.o(.text) for __aeabi_memcpy
    http_process.o(.text) refers to strlen.o(.text) for strlen
    http_process.o(.text) refers to mallocr.o(i.__free$realloc) for free
    http_process.o(.text) refers to mallocr.o(i.__malloc$realloc) for malloc
    http_process.o(.text) refers to printf8.o(i.__0sprintf$8) for __2sprintf
    http_process.o(.text) refers to base64.o(.text) for base64_encode
    http_process.o(.text) refers to file.o(.text) for close
    http_process.o(.text) refers to strtol.o(.text) for strtol
    http_process.o(.text) refers to strstr.o(.text) for strstr
    http_process.o(.text) refers to strchr.o(.text) for strchr
    http_process.o(.text) refers to atoi.o(.text) for atoi
    http_process.o(.text) refers to http_process.o(.data) for auth_str
    http_process.o(.text) refers to http_process.o(.bss) for clientfd
    http_process.o(.text) refers to utility.o(.data) for MS_TIMER
    http_process.o(.text) refers to http_process.o(.constdata) for SaveResponseError
    http_process.o(.text) refers to main.o(.data) for Nbits_Html
    http_process.o(.text) refers to stm32f2xx_it.o(.data) for Flag_Actualizacion_Param
    http_process.o(.text) refers to memseta.o(.text) for __aeabi_memclr
    http_process.o(.text) refers to strcmp.o(.text) for strcmp
    http_process.o(.text) refers to strncmp.o(.text) for strncmp
    http_process.o(.text) refers to main.o(.bss) for configParas
    main.o(.text) refers to misc.o(.text) for NVIC_PriorityGroupConfig
    main.o(.text) refers to stm32f2xx_rcc.o(.text) for RCC_APB1PeriphClockCmd
    main.o(.text) refers to stm32f2xx_tim.o(.text) for TIM_TimeBaseInit
    main.o(.text) refers to stm32f2xx_gpio.o(.text) for GPIO_Init
    main.o(.text) refers to stm32f2xx_dac.o(.text) for DAC_Init
    main.o(.text) refers to file.o(.text) for mxchipInit
    main.o(.text) refers to flash_configurations.o(.text) for Lee_Config_Param
    main.o(.text) refers to memseta.o(.text) for __aeabi_memclr4
    main.o(.text) refers to strcpy.o(.text) for strcpy
    main.o(.text) refers to printf8.o(i.__0sprintf$8) for __2sprintf
    main.o(.text) refers to tcp.o(.text) for set_tcp_keepalive
    main.o(.text) refers to http_process.o(.text) for http_init
    main.o(.text) refers to system_stm32f2xx.o(.text) for SystemCoreClockUpdate
    main.o(.text) refers to dfltui.o(.text) for __aeabi_ui2d
    main.o(.text) refers to dflti.o(.text) for __aeabi_i2d
    main.o(.text) refers to dmul.o(.text) for __aeabi_dmul
    main.o(.text) refers to ddiv.o(.text) for __aeabi_ddiv
    main.o(.text) refers to sin.o(i.sin) for sin
    main.o(.text) refers to dadd.o(.text) for __aeabi_dadd
    main.o(.text) refers to dfixi.o(.text) for __aeabi_d2iz
    main.o(.text) refers to main.o(.data) for NVIC_Prioridades
    main.o(.text) refers to main.o(.bss) for config_param
    main.o(.text) refers to main.o(.constdata) for Kasami255
    stm32f2xx_it.o(.emb_text) refers to utility.o(.text) for hard_fault_handler_c
    stm32f2xx_it.o(.text) refers to stm32f2xx_it.o(.emb_text) for asm_dump
    stm32f2xx_it.o(.text) refers to utility.o(.text) for systick_irq
    stm32f2xx_it.o(.text) refers to noos.o(.text) for NoOS_systick_irq
    stm32f2xx_it.o(.text) refers to stm32f2xx_dac.o(.text) for DAC_SetChannel1Data
    stm32f2xx_it.o(.text) refers to main.o(.text) for Genera_Kasami_Modulada
    stm32f2xx_it.o(.text) refers to stm32f2xx_tim.o(.text) for TIM_Cmd
    stm32f2xx_it.o(.text) refers to flash_configurations.o(.text) for Guarda_Config
    stm32f2xx_it.o(.text) refers to stm32f2xx_gpio.o(.text) for GPIO_ReadOutputDataBit
    stm32f2xx_it.o(.text) refers to gpio_irq.o(.text) for gpio_irq
    stm32f2xx_it.o(.text) refers to wwd_bus.o(.text) for sdio_irq
[...]
    find_lease_by_yiaddr                     0x0802b025   Thumb Code    52  leases.o(.text)
    check_ip                                 0x0802b059   Thumb Code     6  leases.o(.text)
    find_address                             0x0802b05f   Thumb Code   100  leases.o(.text)
    get_option                               0x0802b0d1   Thumb Code   180  options.o(.text)
    end_option                               0x0802b185   Thumb Code    30  options.o(.text)
    add_option_string                        0x0802b1a3   Thumb Code    58  options.o(.text)
    add_simple_option                        0x0802b1dd   Thumb Code   144  options.o(.text)
    find_option                              0x0802b26d   Thumb Code    34  options.o(.text)
    sendOffer                                0x0802b39b   Thumb Code   328  serverpacket.o(.text)
    sendNAK                                  0x0802b4e3   Thumb Code    24  serverpacket.o(.text)
    sendACK                                  0x0802b4fb   Thumb Code   168  serverpacket.o(.text)
    send_inform                              0x0802b5a3   Thumb Code    60  serverpacket.o(.text)
    p_hash                                   0x0802b61b   Thumb Code   192  tls.o(.text)
    BuildTlsFinished                         0x0802b76b   Thumb Code    80  tls.o(.text)
    DeriveTlsKeys                            0x0802b7e7   Thumb Code   102  tls.o(.text)
    MakeTlsMasterSecret                      0x0802b84d   Thumb Code    72  tls.o(.text)
    TLS_hmac                                 0x0802b8ef   Thumb Code   166  tls.o(.text)
    TLSv1_client_method                      0x0802b995   Thumb Code    30  tls.o(.text)
    TLSv1_1_client_method                    0x0802b9b3   Thumb Code    30  tls.o(.text)
    TLSv1_server_method                      0x0802b9d1   Thumb Code    34  tls.o(.text)
    TLSv1_1_server_method                    0x0802b9f3   Thumb Code    34  tls.o(.text)
    SetCipherSpecs                           0x0802ba29   Thumb Code   366  keys.o(.text)
    StoreKeys                                0x0802bd3f   Thumb Code   120  keys.o(.text)
    DeriveKeys                               0x0802bdb7   Thumb Code   220  keys.o(.text)
    CleanPreMaster                           0x0802be93   Thumb Code    56  keys.o(.text)
    MakeMasterSecret                         0x0802becb   Thumb Code   262  keys.o(.text)
    InitSha                                  0x0802c0b7   Thumb Code    32  sha.o(.text)
    ShaUpdate                                0x0802c555   Thumb Code    96  sha.o(.text)
    ShaFinal                                 0x0802c5b5   Thumb Code   162  sha.o(.text)
    InitRsaKey                               0x0802c65d   Thumb Code    28  rsa.o(.text)
    FreeRsaKey                               0x0802c679   Thumb Code    76  rsa.o(.text)
    RsaPublicEncrypt                         0x0802c92f   Thumb Code   110  rsa.o(.text)
    RsaPrivateDecrypt                        0x0802c99d   Thumb Code   100  rsa.o(.text)
    RsaSSL_Verify                            0x0802ca01   Thumb Code   100  rsa.o(.text)
    RsaSSL_Sign                              0x0802ca65   Thumb Code   110  rsa.o(.text)
    RsaEncryptSize                           0x0802cad3   Thumb Code    12  rsa.o(.text)
    RNG_GenerateBlock                        0x0802cae1   Thumb Code    30  random.o(.text)
    GenerateSeed                             0x0802caff   Thumb Code    40  random.o(.text)
    InitRng                                  0x0802cb27   Thumb Code    46  random.o(.text)
    RNG_GenerateByte                         0x0802cb55   Thumb Code    20  random.o(.text)
    InitMd5                                  0x0802cc53   Thumb Code    28  cyssl_md5.o(.text)
    Md5Update                                0x0802d419   Thumb Code    88  cyssl_md5.o(.text)
    Md5Final                                 0x0802d471   Thumb Code   250  cyssl_md5.o(.text)
    Des3_SetKey                              0x0802d93d   Thumb Code    90  des3.o(.text)
    DesRawProcessBlock                       0x0802d997   Thumb Code   300  des3.o(.text)
    Des3_CbcEncrypt                          0x0802db2f   Thumb Code    72  des3.o(.text)
    Des3_CbcDecrypt                          0x0802db77   Thumb Code   104  des3.o(.text)
    Base64Decode                             0x0802dc11   Thumb Code   364  coding.o(.text)
    GetLength                                0x0802dd81   Thumb Code    56  asn.o(.text)
    GetSequence                              0x0802ddb9   Thumb Code    62  asn.o(.text)
    GetSet                                   0x0802ddf7   Thumb Code    62  asn.o(.text)
    GetVersion                               0x0802de35   Thumb Code    54  asn.o(.text)
    GetExplicitVersion                       0x0802de6b   Thumb Code    46  asn.o(.text)
    GetInt                                   0x0802de99   Thumb Code   124  asn.o(.text)
    RsaPrivateKeyDecode                      0x0802df15   Thumb Code   220  asn.o(.text)
    RsaPublicKeyDecode                       0x0802dff1   Thumb Code   104  asn.o(.text)
    InitDecodedCert                          0x0802e059   Thumb Code    16  asn.o(.text)
    FreeDecodedCert                          0x0802e069   Thumb Code    30  asn.o(.text)
    ParseCert                                0x0802e921   Thumb Code   172  asn.o(.text)
    MakeSigner                               0x0802e9cd   Thumb Code    24  asn.o(.text)
    FreeSigners                              0x0802e9e5   Thumb Code    34  asn.o(.text)
    Arc4SetKey                               0x0802ea15   Thumb Code    78  arc4.o(.text)
    Arc4Process                              0x0802ea8f   Thumb Code    62  arc4.o(.text)
    AesSetKey                                0x0802ebb3   Thumb Code   968  cyssl_aes.o(.text)
    AesEncrypt                               0x0802ef7b   Thumb Code   874  cyssl_aes.o(.text)
    AesDecrypt                               0x0802f2e5   Thumb Code   878  cyssl_aes.o(.text)
    aes_encrypt                              0x0802f653   Thumb Code    42  cyssl_aes.o(.text)
    AesCbcEncrypt                            0x0802f67d   Thumb Code    72  cyssl_aes.o(.text)
    AesCbcDecrypt                            0x0802f6c5   Thumb Code   134  cyssl_aes.o(.text)
    aes_cbc_encrypt_pad                      0x0802f74b   Thumb Code   186  cyssl_aes.o(.text)
    aes_cbc_decrypt_pad                      0x0802f805   Thumb Code   188  cyssl_aes.o(.text)
    host_platform_init                       0x0802f907   Thumb Code    76  wwd_platform.o(.text)
    host_platform_deinit                     0x0802f967   Thumb Code    68  wwd_platform.o(.text)
    host_platform_get_cycle_count            0x0802f9ab   Thumb Code     6  wwd_platform.o(.text)
    host_platform_is_in_interrupt_context    0x0802f9b1   Thumb Code    18  wwd_platform.o(.text)
    host_platform_init_wlan_powersave_clock  0x0802f9c3   Thumb Code     4  wwd_platform.o(.text)
    host_platform_deinit_wlan_powersave_clock 0x0802f9c7   Thumb Code     4  wwd_platform.o(.text)
    host_buffer_init                         0x0802f9dd   Thumb Code    76  wwd_buffer.o(.text)
    host_buffer_get                          0x0802fa29   Thumb Code   182  wwd_buffer.o(.text)
    host_buffer_release                      0x0802fadf   Thumb Code    84  wwd_buffer.o(.text)
    host_buffer_get_current_piece_data_pointer 0x0802fb33   Thumb Code     6  wwd_buffer.o(.text)
    host_buffer_get_current_piece_size       0x0802fb39   Thumb Code     6  wwd_buffer.o(.text)
    host_buffer_get_next_piece               0x0802fb3f   Thumb Code     6  wwd_buffer.o(.text)
    host_buffer_add_remove_at_front          0x0802fb45   Thumb Code    22  wwd_buffer.o(.text)
    host_buffer_check_leaked                 0x0802fb5b   Thumb Code     4  wwd_buffer.o(.text)
    wiced_init_sdpcm                         0x0802fb71   Thumb Code   164  sdpcm.o(.text)
    wiced_quit_sdpcm                         0x0802fc25   Thumb Code    58  sdpcm.o(.text)
    wiced_send_ioctl                         0x0802fcff   Thumb Code   302  sdpcm.o(.text)
    wiced_send_iovar                         0x0802fe2d   Thumb Code    48  sdpcm.o(.text)
    wiced_network_send_ethernet_data         0x0802fe5d   Thumb Code   112  sdpcm.o(.text)
    wiced_process_bus_credit_update          0x0802fecd   Thumb Code    72  sdpcm.o(.text)
    wiced_process_sdpcm                      0x0802ff25   Thumb Code   834  sdpcm.o(.text)
    wiced_get_iovar_buffer                   0x08030267   Thumb Code    70  sdpcm.o(.text)
    wiced_management_set_event_handler       0x080302ad   Thumb Code   398  sdpcm.o(.text)
    wiced_get_ioctl_buffer                   0x0803043b   Thumb Code    38  sdpcm.o(.text)
    wiced_get_packet_to_send                 0x08030461   Thumb Code   148  sdpcm.o(.text)
    wiced_get_available_bus_credits          0x080304f5   Thumb Code    14  sdpcm.o(.text)
    wiced_set_backplane_window               0x08030521   Thumb Code   144  wwd_internal.o(.text)
    wiced_device_core_is_up                  0x080305bb   Thumb Code    90  wwd_internal.o(.text)
    wiced_disable_device_core                0x08030615   Thumb Code   128  wwd_internal.o(.text)
    wiced_reset_device_core                  0x08030695   Thumb Code   128  wwd_internal.o(.text)
    wiced_bus_transfer_bytes                 0x080308cf   Thumb Code    38  wwd_bus_protocol.o(.text)
    wiced_bus_transfer_buffer                0x080308f5   Thumb Code    54  wwd_bus_protocol.o(.text)
    wiced_write_register_value               0x08030953   Thumb Code    34  wwd_bus_protocol.o(.text)
    wiced_write_backplane_value              0x08030975   Thumb Code    48  wwd_bus_protocol.o(.text)
    wiced_bus_init                           0x08030a83   Thumb Code   834  wwd_bus_protocol.o(.text)
    wiced_bus_deinit                         0x08030dc5   Thumb Code    12  wwd_bus_protocol.o(.text)
    wiced_bus_ack_interrupt                  0x08030dd1   Thumb Code    18  wwd_bus_protocol.o(.text)
    wiced_read_backplane_value               0x08030de3   Thumb Code    62  wwd_bus_protocol.o(.text)
    wiced_bus_process_interrupt              0x08030e21   Thumb Code    30  wwd_bus_protocol.o(.text)
    wiced_bus_ensure_wlan_bus_is_up          0x08030e89   Thumb Code   112  wwd_bus_protocol.o(.text)
    wiced_read_frame                         0x08030ef9   Thumb Code   320  wwd_bus_protocol.o(.text)
    wiced_bus_poke_wlan                      0x08031039   Thumb Code    16  wwd_bus_protocol.o(.text)
    wiced_bus_set_flow_control               0x08031049   Thumb Code    22  wwd_bus_protocol.o(.text)
    wiced_bus_is_flow_controlled             0x0803105f   Thumb Code     6  wwd_bus_protocol.o(.text)
    wiced_bus_allow_wlan_bus_to_sleep        0x08031065   Thumb Code    36  wwd_bus_protocol.o(.text)
    wiced_wifi_start_ap                      0x080310d5   Thumb Code   574  wwd_ap.o(.text)
    wiced_wifi_stop_ap                       0x08031313   Thumb Code   206  wwd_ap.o(.text)
    wiced_wifi_is_packet_from_ap             0x080313e1   Thumb Code    16  wwd_ap.o(.text)
    host_network_process_ethernet_data       0x0803142d   Thumb Code    52  wwd_network.o(.text)
    low_level_output                         0x08031461   Thumb Code   120  wwd_network.o(.text)
    nn_swap                                  0x08031fb5   Thumb Code    36  wps_enrollee.o(.text)
    enrollee_process_event                   0x080330ed   Thumb Code   502  wps_enrollee.o(.text)
    wps_start_enrollee                       0x080332e3   Thumb Code    30  wps_enrollee.o(.text)
    tlv_find_tlv8                            0x08033339   Thumb Code    36  tlv.o(.text)
    tlv_find_tlv16                           0x0803335d   Thumb Code    50  tlv.o(.text)
    tlv_read_value                           0x0803338f   Thumb Code    88  tlv.o(.text)
    tlv_write_value                          0x080333e7   Thumb Code    90  tlv.o(.text)
    tlv_write_header                         0x08033441   Thumb Code    34  tlv.o(.text)
    init_header                              0x08033465   Thumb Code    96  packet.o(.text)
    cyssl_mp_clear                           0x080334c9   Thumb Code    46  integer.o(.text)
    cyssl_mp_init                            0x080334f7   Thumb Code    56  integer.o(.text)
    cyssl_mp_init_multi                      0x0803352f   Thumb Code   232  integer.o(.text)
    mp_count_bits                            0x08033617   Thumb Code    44  integer.o(.text)
    cyssl_mp_unsigned_bin_size               0x08033643   Thumb Code    38  integer.o(.text)
    bn_reverse                               0x08033669   Thumb Code    28  integer.o(.text)
    mp_exch                                  0x08033685   Thumb Code    34  integer.o(.text)
    mp_clamp                                 0x080336a7   Thumb Code    38  integer.o(.text)
    mp_zero                                  0x080336cd   Thumb Code    28  integer.o(.text)
    mp_rshd                                  0x080336e9   Thumb Code    82  integer.o(.text)
    mp_grow                                  0x0803373b   Thumb Code    70  integer.o(.text)
    mp_copy                                  0x08033781   Thumb Code    94  integer.o(.text)
    mp_mod_2d                                0x080337df   Thumb Code   166  integer.o(.text)
    mp_div_2d                                0x08033885   Thumb Code   244  integer.o(.text)
    mp_init_copy                             0x08033979   Thumb Code    30  integer.o(.text)
    cyssl_mp_to_unsigned_bin                 0x08033997   Thumb Code   100  integer.o(.text)
    mp_lshd                                  0x080339fb   Thumb Code   118  integer.o(.text)
    mp_mul_2d                                0x08033a71   Thumb Code   238  integer.o(.text)
    cyssl_mp_read_unsigned_bin               0x08033b5f   Thumb Code    98  integer.o(.text)
    mp_init_size                             0x08033bc1   Thumb Code    58  integer.o(.text)
    fast_s_mp_mul_digs                       0x08033bfb   Thumb Code   276  integer.o(.text)
    s_mp_mul_digs                            0x08033d0f   Thumb Code   210  integer.o(.text)
    cyssl_mp_mul                             0x08033de1   Thumb Code   116  integer.o(.text)
    s_mp_sqr                                 0x08033e55   Thumb Code   206  integer.o(.text)
    fast_s_mp_sqr                            0x08033f23   Thumb Code   324  integer.o(.text)
    mp_sqr                                   0x08034067   Thumb Code    58  integer.o(.text)
    mp_set                                   0x080340a1   Thumb Code    36  integer.o(.text)
    s_mp_sub                                 0x080340c5   Thumb Code   178  integer.o(.text)
    mp_cmp_mag                               0x08034177   Thumb Code    96  integer.o(.text)
    s_mp_add                                 0x080341d7   Thumb Code   212  integer.o(.text)
    cyssl_mp_add                             0x080342ab   Thumb Code    92  integer.o(.text)
    cyssl_mp_sub                             0x08034307   Thumb Code    92  integer.o(.text)
    cyssl_mp_cmp                             0x08034363   Thumb Code    54  integer.o(.text)
    mp_abs                                   0x08034399   Thumb Code    34  integer.o(.text)
    mp_div                                   0x080343bb   Thumb Code   412  integer.o(.text)
    mp_mod                                   0x08034557   Thumb Code    96  integer.o(.text)
    mp_reduce_2k_l                           0x080345b7   Thumb Code   124  integer.o(.text)
    mp_2expt                                 0x08034633   Thumb Code    80  integer.o(.text)
    mp_reduce_2k_setup_l                     0x08034683   Thumb Code    76  integer.o(.text)
    cyssl_mp_cmp_d                           0x080346cf   Thumb Code    52  integer.o(.text)
    fast_s_mp_mul_high_digs                  0x08034703   Thumb Code   270  integer.o(.text)
    s_mp_mul_high_digs                       0x08034811   Thumb Code   218  integer.o(.text)
    mp_reduce                                0x080348eb   Thumb Code   252  integer.o(.text)
    mp_reduce_setup                          0x080349e7   Thumb Code    42  integer.o(.text)
    s_mp_exptmod                             0x08034a11   Thumb Code   822  integer.o(.text)
    cyssl_mp_mulmod                          0x08034d47   Thumb Code    80  integer.o(.text)
    mp_mul_2                                 0x08034d97   Thumb Code   152  integer.o(.text)
    mp_montgomery_calc_normalization         0x08034e2f   Thumb Code   134  integer.o(.text)
    mp_mul_d                                 0x08034eb5   Thumb Code   130  integer.o(.text)
    mp_reduce_2k                             0x08034f37   Thumb Code   128  integer.o(.text)
    mp_reduce_2k_setup                       0x08034fb7   Thumb Code    96  integer.o(.text)
    mp_dr_reduce                             0x08035017   Thumb Code   150  integer.o(.text)
    mp_dr_setup                              0x080350ad   Thumb Code    12  integer.o(.text)
    cyssl_fast_mp_montgomery_reduce          0x080350b9   Thumb Code   308  integer.o(.text)
    mp_montgomery_reduce                     0x080351ed   Thumb Code   228  integer.o(.text)
    mp_montgomery_setup                      0x080352d1   Thumb Code    70  integer.o(.text)
    mp_exptmod_fast                          0x08035317   Thumb Code   922  integer.o(.text)
    mp_reduce_is_2k                          0x080356b1   Thumb Code    88  integer.o(.text)
    mp_dr_is_modulus                         0x08035709   Thumb Code    46  integer.o(.text)
    mp_reduce_is_2k_l                        0x08035737   Thumb Code    80  integer.o(.text)
    mp_div_2                                 0x08035787   Thumb Code   162  integer.o(.text)
    mp_invmod_slow                           0x08035829   Thumb Code   794  integer.o(.text)
    fast_mp_invmod                           0x08035b43   Thumb Code   528  integer.o(.text)
    mp_invmod                                0x08035d53   Thumb Code    84  integer.o(.text)
    cyssl_mp_exptmod                         0x08035da7   Thumb Code   264  integer.o(.text)
    mp_div_3                                 0x08035eaf   Thumb Code   144  integer.o(.text)
    HmacSetKey                               0x08035f71   Thumb Code   172  hmac.o(.text)
    HmacUpdate                               0x08036067   Thumb Code    78  hmac.o(.text)
    HmacFinal                                0x080360b5   Thumb Code   178  hmac.o(.text)
    wiced_write_wifi_firmware_image          0x080361d3   Thumb Code    38  wwd_firmware.o(.text)
    wiced_write_wifi_nvram_image             0x080361f9   Thumb Code   214  wwd_firmware.o(.text)
    wps_kdf                                  0x0803631d   Thumb Code   118  wps_common.o(.text)
    wps_encrypt_data                         0x08036393   Thumb Code    52  wps_common.o(.text)
    wps_decrypt_data                         0x080363c7   Thumb Code    36  wps_common.o(.text)
    hmac_sha256                              0x080363eb   Thumb Code   210  hmac_sha256.o(.text)
    hmac_sha256_n                            0x080364bd   Thumb Code   120  hmac_sha256.o(.text)
    sha256                                   0x08036535   Thumb Code    40  hmac_sha256.o(.text)
    progressive_hmac_init                    0x0803655d   Thumb Code    74  progressive_hmac.o(.text)
    progressive_hmac_append                  0x080365a7   Thumb Code   190  progressive_hmac.o(.text)
    progressive_hmac_finalize                0x08036665   Thumb Code   118  progressive_hmac.o(.text)
    SHA224_Init                              0x080366dd   Thumb Code    50  sha256.o(.text)
    SHA256_Init                              0x0803670f   Thumb Code    50  sha256.o(.text)
    sha256_block_host_order                  0x08036b09   Thumb Code    22  sha256.o(.text)
    SHA256_Final                             0x08036b1f   Thumb Code   336  sha256.o(.text)
    sha256_block_data_order                  0x08036c6f   Thumb Code    22  sha256.o(.text)
    SHA256_Update                            0x08036c85   Thumb Code   704  sha256.o(.text)
    SHA224                                   0x08036f45   Thumb Code    44  sha256.o(.text)
    SHA256                                   0x08036f71   Thumb Code    44  sha256.o(.text)
    SHA256_Transform                         0x08036f9d   Thumb Code    18  sha256.o(.text)
    crypto_mod_exp                           0x08036fb9   Thumb Code   162  crypto_internal-modexp.o(.text)
    InitSha256                               0x08037143   Thumb Code    42  cyssl_sha256.o(.text)
    Sha256Update                             0x0803770b   Thumb Code    96  cyssl_sha256.o(.text)
    Sha256Final                              0x0803776b   Thumb Code   162  cyssl_sha256.o(.text)
    bignum_init                              0x08037811   Thumb Code    36  bignum.o(.text)
    bignum_deinit                            0x08037835   Thumb Code    20  bignum.o(.text)
    bignum_get_unsigned_bin_len              0x08037849   Thumb Code    12  bignum.o(.text)
    bignum_get_unsigned_bin                  0x08037855   Thumb Code    60  bignum.o(.text)
    bignum_set_unsigned_bin                  0x08037891   Thumb Code    30  bignum.o(.text)
    bignum_cmp                               0x080378af   Thumb Code    16  bignum.o(.text)
    bignum_cmp_d                             0x080378bf   Thumb Code    16  bignum.o(.text)
    bignum_add                               0x080378cf   Thumb Code    30  bignum.o(.text)
    bignum_sub                               0x080378ed   Thumb Code    30  bignum.o(.text)
    bignum_mul                               0x0803790b   Thumb Code    30  bignum.o(.text)
    bignum_mulmod                            0x08037929   Thumb Code    38  bignum.o(.text)
    bignum_exptmod                           0x0803794f   Thumb Code    38  bignum.o(.text)
    __rt_ctype_table                         0x08037975   Thumb Code     4  ctype_o.o(.text)
    toupper                                  0x0803797d   Thumb Code    12  toupper.o(.text)
    rand                                     0x08037989   Thumb Code    20  rand.o(.text)
    srand                                    0x0803799d   Thumb Code     6  rand.o(.text)
    ___aeabi_memcpy8$ret                     0x080379ad   Thumb Code     0  memcpy.o(.text)
    __aeabi_memcpy                           0x080379ad   Thumb Code    40  memcpy.o(.text)
    __aeabi_memcpy4                          0x080379ad   Thumb Code     0  memcpy.o(.text)
    memcpy                                   0x080379ad   Thumb Code     0  memcpy.o(.text)
    __aeabi_memset                           0x080379d5   Thumb Code    14  memseta.o(.text)
    __aeabi_memset4                          0x080379d5   Thumb Code     0  memseta.o(.text)
    __aeabi_memset8                          0x080379d5   Thumb Code     0  memseta.o(.text)
    __aeabi_memclr                           0x080379e3   Thumb Code     4  memseta.o(.text)
    __aeabi_memclr4                          0x080379e3   Thumb Code     0  memseta.o(.text)
    __aeabi_memclr8                          0x080379e3   Thumb Code     0  memseta.o(.text)
    _memset$wrapper                          0x080379e7   Thumb Code    18  memseta.o(.text)
    strcat                                   0x080379f9   Thumb Code    24  strcat.o(.text)
    strstr                                   0x08037a11   Thumb Code    36  strstr.o(.text)
    strncpy                                  0x08037a35   Thumb Code    24  strncpy.o(.text)
    strchr                                   0x08037a4d   Thumb Code    20  strchr.o(.text)
    strlen                                   0x08037a61   Thumb Code    14  strlen.o(.text)
    strcmp                                   0x08037a6f   Thumb Code    28  strcmp.o(.text)
    memchr                                   0x08037a8b   Thumb Code    20  memchr.o(.text)
    memcmp                                   0x08037a9f   Thumb Code    26  memcmp.o(.text)
    strcpy                                   0x08037ab9   Thumb Code    18  strcpy.o(.text)
    strncmp                                  0x08037acb   Thumb Code    30  strncmp.o(.text)
    calloc                                   0x08037ae9   Thumb Code    28  calloc.o(.text)
    strtol                                   0x08037b05   Thumb Code   112  strtol.o(.text)
    atoi                                     0x08037b75   Thumb Code    26  atoi.o(.text)
    __aeabi_fmul                             0x08037b8f   Thumb Code   100  fmul.o(.text)
    __aeabi_fdiv                             0x08037bf3   Thumb Code   124  fdiv.o(.text)
    __aeabi_dadd                             0x08037c6f   Thumb Code   322  dadd.o(.text)
    __aeabi_dsub                             0x08037db1   Thumb Code     6  dadd.o(.text)
    __aeabi_drsub                            0x08037db7   Thumb Code     6  dadd.o(.text)
    __aeabi_dmul                             0x08037dbd   Thumb Code   228  dmul.o(.text)
    __aeabi_ddiv                             0x08037ea1   Thumb Code   222  ddiv.o(.text)
    __aeabi_ui2f                             0x08037f7f   Thumb Code    10  ffltui.o(.text)
    __aeabi_i2d                              0x08037f89   Thumb Code    34  dflti.o(.text)
    __aeabi_ui2d                             0x08037fab   Thumb Code    26  dfltui.o(.text)
    __aeabi_f2uiz                            0x08037fc5   Thumb Code    40  ffixui.o(.text)
    __aeabi_d2iz                             0x08037fed   Thumb Code    62  dfixi.o(.text)
    __aeabi_cfrcmple                         0x0803802d   Thumb Code    20  cfrcmple.o(.text)
    __aeabi_uldivmod                         0x08038041   Thumb Code    98  uldiv.o(.text)
    __aeabi_llsl                             0x080380a3   Thumb Code    30  llshl.o(.text)
    _ll_shift_l                              0x080380a3   Thumb Code     0  llshl.o(.text)
    __aeabi_llsr                             0x080380c1   Thumb Code    32  llushr.o(.text)
    _ll_ushift_r                             0x080380c1   Thumb Code     0  llushr.o(.text)
    __aeabi_lasr                             0x080380e1   Thumb Code    36  llsshr.o(.text)
    _ll_sshift_r                             0x080380e1   Thumb Code     0  llsshr.o(.text)
    _strtoul                                 0x08038105   Thumb Code   158  _strtoul.o(.text)
    __I$use$fp                               0x080381a3   Thumb Code     0  iusefp.o(.text)
    _float_round                             0x080381a3   Thumb Code    18  fepilogue.o(.text)
    _float_epilogue                          0x080381b5   Thumb Code    92  fepilogue.o(.text)
    _double_round                            0x08038211   Thumb Code    30  depilogue.o(.text)
    _double_epilogue                         0x0803822f   Thumb Code   156  depilogue.o(.text)
    __scatterload                            0x080382cd   Thumb Code    28  init.o(.text)
    __scatterload_rt2                        0x080382cd   Thumb Code     0  init.o(.text)
    __semihosting_library_function           0x080382f1   Thumb Code     0  semi.o(.text)
    _chval                                   0x080382f1   Thumb Code    28  _chval.o(.text)
    __ARM_scalbn                             0x0803830d   Thumb Code    46  dscalb.o(.text)
    __I$use$semihosting$fputc                0x0803830d   Thumb Code     0  iusesemip.o(.text)
    scalbn                                   0x0803830d   Thumb Code     0  dscalb.o(.text)
    __decompress                             0x0803833b   Thumb Code     0  __dczerorl2.o(.text)
    __decompress1                            0x0803833b   Thumb Code    86  __dczerorl2.o(.text)
    __0fprintf$8                             0x08038391   Thumb Code    22  printf8.o(i.__0fprintf$8)
    __1fprintf$8                             0x08038391   Thumb Code     0  printf8.o(i.__0fprintf$8)
    __2fprintf                               0x08038391   Thumb Code     0  printf8.o(i.__0fprintf$8)
    __0printf$8                              0x080383ad   Thumb Code    22  printf8.o(i.__0printf$8)
    __1printf$8                              0x080383ad   Thumb Code     0  printf8.o(i.__0printf$8)
    __2printf                                0x080383ad   Thumb Code     0  printf8.o(i.__0printf$8)
    __0snprintf$8                            0x080383cd   Thumb Code    36  printf8.o(i.__0snprintf$8)
    __1snprintf$8                            0x080383cd   Thumb Code     0  printf8.o(i.__0snprintf$8)
    __2snprintf                              0x080383cd   Thumb Code     0  printf8.o(i.__0snprintf$8)
    __0sprintf$8                             0x080383f5   Thumb Code    34  printf8.o(i.__0sprintf$8)
    __1sprintf$8                             0x080383f5   Thumb Code     0  printf8.o(i.__0sprintf$8)
    __2sprintf                               0x080383f5   Thumb Code     0  printf8.o(i.__0sprintf$8)
    __ARM_fpclassify                         0x0803841d   Thumb Code    40  fpclassify.o(i.__ARM_fpclassify)
    __aeabi_errno_addr                       0x08038445   Thumb Code     4  errno.o(i.__aeabi_errno_addr)
    __rt_errno_addr                          0x08038445   Thumb Code     0  errno.o(i.__aeabi_errno_addr)
    free                                     0x0803844d   Thumb Code    88  mallocr.o(i.__free$realloc)
    __ieee754_rem_pio2                       0x080384a9   Thumb Code   828  rred.o(i.__ieee754_rem_pio2)
    __kernel_cos                             0x08038831   Thumb Code   230  cos_i.o(i.__kernel_cos)
    __kernel_poly                            0x0803892d   Thumb Code   170  poly.o(i.__kernel_poly)
    __kernel_sin                             0x080389d9   Thumb Code   224  sin_i.o(i.__kernel_sin)
    malloc                                   0x08038ac5   Thumb Code    64  mallocr.o(i.__malloc$realloc)
    __mathlib_dbl_infnan                     0x08038b15   Thumb Code     6  dunder.o(i.__mathlib_dbl_infnan)
    __mathlib_dbl_invalid                    0x08038b1b   Thumb Code    12  dunder.o(i.__mathlib_dbl_invalid)
    __mathlib_dbl_underflow                  0x08038b29   Thumb Code    10  dunder.o(i.__mathlib_dbl_underflow)
    __scatterload_copy                       0x08038b39   Thumb Code    14  handlers.o(i.__scatterload_copy)
    __scatterload_null                       0x08038b47   Thumb Code     2  handlers.o(i.__scatterload_null)
    __scatterload_zeroinit                   0x08038b49   Thumb Code    14  handlers.o(i.__scatterload_zeroinit)
    __set_errno                              0x08038b59   Thumb Code     6  errno.o(i.__set_errno)
    fputc                                    0x08038fe7   Thumb Code    18  fputc.o(i.fputc)
    putc                                     0x08039049   Thumb Code     4  putc.o(i.putc)
    puts                                     0x0803904d   Thumb Code    30  puts.o(i.puts)
    realloc                                  0x08039071   Thumb Code   102  mallocr.o(i.realloc)
    sin                                      0x080390dd   Thumb Code   150  sin.o(i.sin)
    headerPage                               0x080391bc   Data         143  http_process.o(.constdata)
    HTTPSaveResponse                         0x0803924b   Data         145  http_process.o(.constdata)
    authrized                                0x080392dc   Data         325  http_process.o(.constdata)
    not_found                                0x08039421   Data         255  http_process.o(.constdata)
    systemPage                               0x08039520   Data        1833  http_process.o(.constdata)
    Transductor1htm                          0x08039c49   Data         727  http_process.o(.constdata)
    SaveResponseError                        0x08039f20   Data         277  http_process.o(.constdata)
    RespuestaParametros                      0x0803a035   Data         268  http_process.o(.constdata)
    RespuestaIncorrectaParentesis            0x0803a141   Data         318  http_process.o(.constdata)
    RespuestaIncorrectaPeriodo               0x0803a27f   Data         610  http_process.o(.constdata)
    Kasami255                                0x0803a4e1   Data        4080  main.o(.constdata)
    Kasami1023                               0x0803b4d1   Data       32736  main.o(.constdata)
    sock_states                              0x080434bc   Data          68  tcp.o(.constdata)
    SOCKET_EINVAL                            0x08043620   Data           4  cyassl_int.o(.constdata)
    SOCKET_EWOULDBLOCK                       0x08043624   Data           4  cyassl_int.o(.constdata)
    SOCKET_EAGAIN                            0x08043628   Data           4  cyassl_int.o(.constdata)
    SOCKET_ECONNRESET                        0x0804362c   Data           4  cyassl_int.o(.constdata)
    SOCKET_EINTR                             0x08043630   Data           4  cyassl_int.o(.constdata)
    cipher_names                             0x08043694   Data          20  cyassl_int.o(.constdata)
    gpio_mapping                             0x080437e4   Data         264  platform.o(.constdata)
    adc_mapping                              0x080438ec   Data          60  platform.o(.constdata)
    pwm_mappings                             0x08043928   Data         200  platform.o(.constdata)
    spi_mapping                              0x080439f0   Data          48  platform.o(.constdata)
    uart_mapping                             0x08043a20   Data         168  platform.o(.constdata)
    join_events                              0x08043ac8   Data          28  wwd_wifi.o(.constdata)
    Spbox                                    0x08043d10   Data        2048  des3.o(.constdata)
    __ctype_table                            0x080472b0   Data         129  ctype_o.o(.constdata)
    Region$$Table$$Base                      0x080478d8   Number         0  anon$$obj.o(Region$$Table)
    Region$$Table$$Limit                     0x080478f8   Number         0  anon$$obj.o(Region$$Table)
    SystemCoreClock                          0x20000000   Data           4  system_stm32f2xx.o(.data)
    AHBPrescTable                            0x20000004   Data          16  system_stm32f2xx.o(.data)
    listen_fd                                0x20000014   Data           4  http_process.o(.data)
    httpRequest                              0x2000002c   Data           4  http_process.o(.data)
    NVIC_Prioridades                         0x20000030   Data           4  main.o(.data)
    Sec_Trans_1                              0x20000034   Data           1  main.o(.data)
    Sec_Trans_2                              0x20000035   Data           1  main.o(.data)
    Sec_Trans_3                              0x20000036   Data           1  main.o(.data)
    Sec_Trans_4                              0x20000037   Data           1  main.o(.data)
    Sec_Trans_5                              0x20000038   Data           1  main.o(.data)
    Nbits_Html                               0x2000003c   Data           4  main.o(.data)
    Frecuencia_Html                          0x20000040   Data           4  main.o(.data)
    Ciclos_Simbolo_Html                      0x20000044   Data           4  main.o(.data)
    Periodo_Emision_Html                     0x20000048   Data           4  main.o(.data)
    flag                                     0x2000004c   Data           4  stm32f2xx_it.o(.data)
    Flag_Led                                 0x20000050   Data           1  stm32f2xx_it.o(.data)
    Flag_Actualizacion_Param                 0x20000084   Data           1  stm32f2xx_it.o(.data)
    MS_TIMER                                 0x200000d4   Data           4  utility.o(.data)
    SEC_TIMER                                0x200000d8   Data           4  utility.o(.data)
    TICK_TIMER                               0x200000dc   Data           4  utility.o(.data)
    timer_head                               0x200000e4   Data           4  file.o(.data)
    inode_head                               0x200000e8   Data           4  file.o(.data)
    nextfd                                   0x200000ec   Data           4  file.o(.data)
    receivepacket                            0x2000011c   Data           4  file.o(.data)
    sendpacket                               0x20000120   Data           4  file.o(.data)
    keepalive_time                           0x20000128   Data           4  tcp.o(.data)
    keepalive_num                            0x2000012c   Data           4  tcp.o(.data)
    tcp_free_list                            0x20000144   Data           4  tcp.o(.data)
    retran_strat                             0x2000014e   Data           2  tcp.o(.data)
    tcp_pendingbuffer_head                   0x20000150   Data           4  tcp.o(.data)
    tcp_pendingbuffer_tail                   0x20000154   Data           4  tcp.o(.data)
    tcp_allpending                           0x20000158   Data           4  tcp.o(.data)
    tcp_pendingtail                          0x2000015c   Data           4  tcp.o(.data)
    tcp_pendingcount                         0x20000160   Data           4  tcp.o(.data)
    tcp_pendingestab                         0x20000164   Data           4  tcp.o(.data)
    _tcp_buf_area                            0x20000168   Data           4  tcp.o(.data)
    next_tcp_port                            0x2000016c   Data           2  tcp.o(.data)
    tcp_allsocs                              0x20000170   Data           4  tcp.o(.data)
    _arp_tick_strat                          0x20000174   Data           2  tcp.o(.data)
    noos_total_time                          0x20000178   Data           4  noos.o(.data)
    scan_ap_for_emsp                         0x20000198   Data           4  mftest.o(.data)
    sEEAddress                               0x200001c8   Data           2  nfc_tag.o(.data)
    sEETimeout                               0x200001cc   Data           4  nfc_tag.o(.data)
    nfc_connected                            0x200001d0   Data           1  nfc_tag.o(.data)
    sEEDataReadPointer                       0x200001d8   Data           4  nfc_tag.o(.data)
    sEEDataWritePointer                      0x200001dc   Data           4  nfc_tag.o(.data)
    sEEDataNum                               0x200001e0   Data           1  nfc_tag.o(.data)
    NVIC_InitStructure                       0x200001e1   Data           4  nfc_tag.o(.data)
    bt_rx_len                                0x200001e8   Data           4  uart.o(.data)
    UartOverflow                             0x200001ec   Data           1  uart.o(.data)
    DMARxBufferCount                         0x200001f4   Data           2  uart.o(.data)
    DMABufReadManually                       0x200001f6   Data           1  uart.o(.data)
    UartRxLen                                0x200001f8   Data           4  uart.o(.data)
    UartRxTail                               0x200001fc   Data           4  uart.o(.data)
    UartRxHead                               0x20000200   Data           4  uart.o(.data)
    DmaCurBufSize                            0x20000204   Data           4  uart.o(.data)
    _arp_seqnum                              0x20000208   Data           4  arp.o(.data)
    _arp_resolved                            0x2000020c   Data           4  arp.o(.data)
    _arp_towait                              0x20000210   Data           4  arp.o(.data)
    _arp_last_gateway                        0x20000214   Data           4  arp.o(.data)
    _router_last_add                         0x20000218   Data           1  arp.o(.data)
    def_domain                               0x2000021c   Data           4  dns.o(.data)
    _dns_id                                  0x20000220   Data           4  dns.o(.data)
    dns_req_num                              0x20000228   Data           4  dns.o(.data)
    _dns_table                               0x2000022c   Data           4  dns.o(.data)
    _dns_num_requests                        0x20000230   Data           4  dns.o(.data)
    ping_hcache                              0x20000234   Data           4  icmp.o(.data)
    ping_tcache                              0x20000238   Data           4  icmp.o(.data)
    ping_number                              0x2000023c   Data           4  icmp.o(.data)
    user_icmp_handler                        0x20000240   Data           4  icmp.o(.data)
    wps_rx_callback                          0x20000244   Data           4  ip.o(.data)
    active_frags                             0x20000248   Data           4  ip.o(.data)
    recvbuf_head                             0x2000024c   Data           4  ip.o(.data)
    recvbuf_cur                              0x20000250   Data           4  ip.o(.data)
    ip_id                                    0x20000254   Data           4  ip.o(.data)
    _done_pkt_init                           0x20000258   Data           1  ip.o(.data)
    system_yield                             0x20000270   Data           4  net.o(.data)
    dcrtcpd                                  0x20000274   Data           4  net.o(.data)
    sock_data_timeout                        0x20000278   Data           4  net.o(.data)
    sock_delay                               0x2000027c   Data           2  net.o(.data)
    sock_inactive                            0x2000027e   Data           2  net.o(.data)
    _cookie                                  0x20000280   Data           4  net.o(.data)
    _last_cookie                             0x20000284   Data           4  net.o(.data)
    debug_on                                 0x20000288   Data           2  net.o(.data)
    _if_request                              0x2000028a   Data           2  net.o(.data)
    _if_prequest                             0x2000028c   Data           2  net.o(.data)
    _if_actual                               0x2000028e   Data           2  net.o(.data)
    _if_dhcp                                 0x20000290   Data           2  net.o(.data)
    _if_dhcp_lease                           0x20000292   Data           2  net.o(.data)
    _initialized                             0x20000294   Data           1  net.o(.data)
    _udp_buf_area                            0x20000330   Data           4  udp.o(.data)
    next_udp_port                            0x20000334   Data           2  udp.o(.data)
    udp_allsocs                              0x20000338   Data           4  udp.o(.data)
    _udp_buffers                             0x2000033c   Data           8  udp.o(.data)
    leases                                   0x20000354   Data           4  dhcpd.o(.data)
    INVALID_SOCKET                           0x2000036c   Data           4  cyassl_int.o(.data)
    cipher_name_idx                          0x20000370   Data          20  cyassl_int.o(.data)
    next_network                             0x200003f0   Data           4  wifimgr.o(.data)
    cur_network                              0x200003f4   Data           4  wifimgr.o(.data)
    static_network                           0x200003f8   Data           4  wifimgr.o(.data)
    p_scan_buff                              0x20000404   Data           4  wifimgr.o(.data)
    monitor_mode_enabled                     0x2000044c   Data           1  wwd_wifi.o(.data)
    wiced_join_status                        0x2000045c   Data           4  wwd_wifi.o(.data)
    wiced_default_time                       0x20000468   Data           7  stm32f2xx_platform.o(.data)
    options                                  0x200004cc   Data         324  options.o(.data)
    option_lengths                           0x20000610   Data          40  options.o(.data)
    sdpcm_highest_rx_tos                     0x2000064c   Data           1  sdpcm.o(.data)
    last_bus_data_credit                     0x2000064d   Data           1  sdpcm.o(.data)
    sdpcm_packet_transmit_sequence_number    0x20000661   Data           1  sdpcm.o(.data)
    wiced_sdpcm_send_queue_mutex             0x20000662   Data           1  sdpcm.o(.data)
    wiced_wlan_status                        0x20000664   Data          12  wwd_internal.o(.data)
    wiced_wifi_ap_is_up                      0x20000676   Data           1  wwd_ap.o(.data)
    wifi_firmware_image                      0x20000740   Data           4  wifi_image.o(.data)
    __stdout                                 0x20000744   Data           4  stdout.o(.data)
    __stderr                                 0x20000748   Data           4  stderr.o(.data)
    __microlib_freelist                      0x20000750   Data           4  mvars.o(.data)
    __microlib_freelist_initialised          0x20000754   Data           4  mvars.o(.data)
    clientfd                                 0x2000075c   Data          32  http_process.o(.bss)
    Kasami_Modulada                          0x2000077c   Data       24552  main.o(.bss)
    config_param                             0x20006764   Data          21  main.o(.bss)
    configParas                              0x20006779   Data          92  main.o(.bss)
    wNetConfig                               0x200067d8   Data         200  main.o(.bss)
    tcp_pendingpool                          0x20006918   Data         800  tcp.o(.bss)
    tcp_pendingbuffer                        0x20006c38   Data          84  tcp.o(.bss)
    _tcp_buffers                             0x20006c8c   Data          48  tcp.o(.bss)
    tcp_reserveports                         0x20006cbc   Data          10  tcp.o(.bss)
    UartRxBuffer                             0x200075f8   Data        2048  uart.o(.bss)
    DMARxBuffer                              0x20007df8   Data         512  uart.o(.bss)
    bt_rx_buf                                0x20007ff8   Data         100  uart.o(.bss)
    _arp_data                                0x2000805c   Data         504  arp.o(.bss)
    _arp_gate_data                           0x20008254   Data          96  arp.o(.bss)
    defaultdomain                            0x200082b4   Data         128  dns.o(.bss)
    _dns_dgram                               0x20008334   Data         512  dns.o(.bss)
    _dns_servers                             0x20008534   Data          60  dns.o(.bss)
    _dns_server_table                        0x20008570   Data          16  dns.o(.bss)
    dns_hostname                             0x20008580   Data         129  dns.o(.bss)
    dns_entry                                0x20008604   Data         672  dns.o(.bss)
    fraglist                                 0x200088a4   Data         252  ip.o(.bss)
    my_eth_addr                              0x200089a0   Data          16  ip.o(.bss)
    root_pbuf_data                           0x200089b0   Data         680  ip.o(.bss)
    _hostname                                0x20008c58   Data          51  net.o(.bss)
    _if_tab                                  0x20008c8c   Data         144  net.o(.bss)
    _dhcp_info                               0x20008d1c   Data         116  net.o(.bss)
    server_config                            0x20008d90   Data          56  dhcpd.o(.bss)
    mcp                                      0x20008dc8   Data          80  cyassl_mem.o(.bss)
    result_buff                              0x20009330   Data          57  wifimgr.o(.bss)
    credential                               0x20009e60   Data         108  wps.o(.bss)
    reply_packet                             0x20009ecc   Data         548  serverpacket.o(.bss)
    __heap_base                              0x2000a168   Data           0  startup_stm32f2xx.o(HEAP)
    __heap_limit                             0x2001a368   Data           0  startup_stm32f2xx.o(HEAP)
    __initial_sp                             0x2001a768   Data           0  startup_stm32f2xx.o(STACK)



==============================================================================

Memory Map of the image

  Image Entry point : 0x0800c185

  Load Region LR_IROM1 (Base: 0x0800c000, Size: 0x0003c054, Max: 0x00053fff, ABSOLUTE, COMPRESSED[0x0003bbf0])

    Execution Region ER_IROM1 (Base: 0x0800c000, Size: 0x0003b8f8, Max: 0x00053fff, ABSOLUTE)

    Base Addr    Size         Type   Attr      Idx    E Section Name        Object

    0x0800c000   0x00000184   Data   RO            3    RESET               startup_stm32f2xx.o
    0x0800c184   0x00000000   Code   RO         1220  * .ARM.Collect$$$$00000000  mc_w.l(entry.o)
    0x0800c184   0x00000004   Code   RO         1641    .ARM.Collect$$$$00000001  mc_w.l(entry2.o)
    0x0800c188   0x00000004   Code   RO         1644    .ARM.Collect$$$$00000004  mc_w.l(entry5.o)
    0x0800c18c   0x00000000   Code   RO         1646    .ARM.Collect$$$$00000008  mc_w.l(entry7b.o)
    0x0800c18c   0x00000000   Code   RO         1648    .ARM.Collect$$$$0000000A  mc_w.l(entry8b.o)
    0x0800c18c   0x00000008   Code   RO         1649    .ARM.Collect$$$$0000000B  mc_w.l(entry9a.o)
    0x0800c194   0x00000000   Code   RO         1651    .ARM.Collect$$$$0000000D  mc_w.l(entry10a.o)
    0x0800c194   0x00000000   Code   RO         1653    .ARM.Collect$$$$0000000F  mc_w.l(entry11a.o)
    0x0800c194   0x00000004   Code   RO         1642    .ARM.Collect$$$$00002712  mc_w.l(entry2.o)
    0x0800c198   0x00000012   Code   RO          331    .emb_text           stm32f2xx_it.o
    0x0800c1aa   0x00000002   PAD
    0x0800c1ac   0x00000024   Code   RO            4    .text               startup_stm32f2xx.o
    0x0800c1d0   0x000001e0   Code   RO           13    .text               system_stm32f2xx.o
    0x0800c3b0   0x00000264   Code   RO          141    .text               flash_if.o
    0x0800c614   0x00000208   Code   RO          173    .text               base64.o
    0x0800c81c   0x00000040   Code   RO          199    .text               flash_configurations.o
    0x0800c85c   0x00000b98   Code   RO          238    .text               http_process.o
    0x0800d3f4   0x00000510   Code   RO          285    .text               main.o
    0x0800d904   0x000003b4   Code   RO          332    .text               stm32f2xx_it.o
    0x0800dcb8   0x000000e0   Code   RO          374    .text               misc.o
    0x0800dd98   0x00000464   Code   RO          398    .text               stm32f2xx_adc.o
    0x0800e1fc   0x000003a8   Code   RO          422    .text               stm32f2xx_dma.o
    0x0800e5a4   0x0000011c   Code   RO          446    .text               stm32f2xx_exti.o
    0x0800e6c0   0x000004bc   Code   RO          470    .text               stm32f2xx_flash.o
    0x0800eb7c   0x0000025c   Code   RO          494    .text               stm32f2xx_gpio.o
    0x0800edd8   0x000000d8   Code   RO          518    .text               stm32f2xx_pwr.o
    0x0800eeb0   0x00000588   Code   RO          542    .text               stm32f2xx_rcc.o
    0x0800f438   0x00000b08   Code   RO          568    .text               stm32f2xx_rtc.o
    0x0800ff40   0x000001dc   Code   RO          592    .text               stm32f2xx_sdio.o
    0x0801011c   0x000003a8   Code   RO          616    .text               stm32f2xx_spi.o
    0x080104c4   0x0000008c   Code   RO          640    .text               stm32f2xx_syscfg.o
    0x08010550   0x00000ca2   Code   RO          664    .text               stm32f2xx_tim.o
    0x080111f2   0x00000002   PAD
    0x080111f4   0x0000041a   Code   RO          688    .text               stm32f2xx_usart.o
    0x0801160e   0x00000002   PAD
    0x08011610   0x0000043e   Code   RO          712    .text               stm32f2xx_i2c.o
    0x08011a4e   0x00000002   PAD
    0x08011a50   0x000000a0   Code   RO          736    .text               stm32f2xx_rng.o
    0x08011af0   0x00000210   Code   RO          760    .text               stm32f2xx_dac.o
    0x08011d00   0x00000768   Code   RO          783    .text               mxchipWNet_3162.lib(utility.o)
    0x08012468   0x00001964   Code   RO          790    .text               mxchipWNet_3162.lib(file.o)
    0x08013dcc   0x0000343c   Code   RO          798    .text               mxchipWNet_3162.lib(tcp.o)
    0x08017208   0x00000010   Code   RO          806    .text               mxchipWNet_3162.lib(noos.o)
    0x08017218   0x000002f8   Code   RO          811    .text               mxchipWNet_3162.lib(gpio_irq.o)
    0x08017510   0x00000730   Code   RO          819    .text               mxchipWNet_3162.lib(wwd_bus.o)
    0x08017c40   0x00000720   Code   RO          828    .text               mxchipWNet_3162.lib(mftest.o)
    0x08018360   0x00000148   Code   RO          837    .text               mxchipWNet_3162.lib(otp.o)
    0x080184a8   0x000009f2   Code   RO          845    .text               mxchipWNet_3162.lib(md5.o)
    0x08018e9a   0x00000002   PAD
    0x08018e9c   0x00000488   Code   RO          851    .text               mxchipWNet_3162.lib(nfc_tag.o)
    0x08019324   0x0000062c   Code   RO          857    .text               mxchipWNet_3162.lib(haier.o)
    0x08019950   0x00000708   Code   RO          862    .text               mxchipWNet_3162.lib(uart.o)
    0x0801a058   0x00001968   Code   RO          870    .text               mxchipWNet_3162.lib(arp.o)
    0x0801b9c0   0x0000069c   Code   RO          879    .text               mxchipWNet_3162.lib(dns.o)
    0x0801c05c   0x00000620   Code   RO          888    .text               mxchipWNet_3162.lib(icmp.o)
    0x0801c67c   0x00000bb8   Code   RO          896    .text               mxchipWNet_3162.lib(ip.o)
    0x0801d234   0x000000d4   Code   RO          905    .text               mxchipWNet_3162.lib(mem.o)
    0x0801d308   0x000019d4   Code   RO          912    .text               mxchipWNet_3162.lib(net.o)
    0x0801ecdc   0x000001c4   Code   RO          921    .text               mxchipWNet_3162.lib(neterrno.o)
    0x0801eea0   0x000010fc   Code   RO          930    .text               mxchipWNet_3162.lib(udp.o)
    0x0801ff9c   0x00000cd8   Code   RO          938    .text               mxchipWNet_3162.lib(bootp.o)
    0x08020c74   0x000001f8   Code   RO          945    .text               mxchipWNet_3162.lib(dhcpd.o)
    0x08020e6c   0x000004dc   Code   RO          954    .text               mxchipWNet_3162.lib(igmp.o)
    0x08021348   0x00000a8a   Code   RO          959    .text               mxchipWNet_3162.lib(ssl.o)
    0x08021dd2   0x00000002   PAD
    0x08021dd4   0x00002b48   Code   RO          966    .text               mxchipWNet_3162.lib(cyassl_int.o)
    0x0802491c   0x00000180   Code   RO          975    .text               mxchipWNet_3162.lib(ssl_wrap.o)
    0x08024a9c   0x000000dc   Code   RO          981    .text               mxchipWNet_3162.lib(cyassl_mem.o)
    0x08024b78   0x000007a4   Code   RO          987    .text               mxchipWNet_3162.lib(easylink.o)
    0x0802531c   0x000012d0   Code   RO          996    .text               mxchipWNet_3162.lib(wifimgr.o)
    0x080265ec   0x00000044   Code   RO         1005    .text               mxchipWNet_3162.lib(platform.o)
    0x08026630   0x000000a4   Code   RO         1011    .text               mxchipWNet_3162.lib(wwd_rtos.o)
    0x080266d4   0x0000028c   Code   RO         1013    .text               mxchipWNet_3162.lib(wwd_thread.o)
    0x08026960   0x00000238   Code   RO         1016    .text               mxchipWNet_3162.lib(wwd_management.o)
    0x08026b98   0x00001fd8   Code   RO         1019    .text               mxchipWNet_3162.lib(wwd_wifi.o)
    0x08028b70   0x00000c1c   Code   RO         1025    .text               mxchipWNet_3162.lib(stm32f2xx_platform.o)
    0x0802978c   0x000005a0   Code   RO         1033    .text               mxchipWNet_3162.lib(easylink2.o)
    0x08029d2c   0x00000988   Code   RO         1040    .text               mxchipWNet_3162.lib(wps_host.o)
    0x0802a6b4   0x000000ac   Code   RO         1046    .text               mxchipWNet_3162.lib(wps.o)
    0x0802a760   0x00000248   Code   RO         1055    .text               mxchipWNet_3162.lib(flash.o)
    0x0802a9a8   0x000001c0   Code   RO         1062    .text               mxchipWNet_3162.lib(bsdname.o)
    0x0802ab68   0x0000038c   Code   RO         1069    .text               mxchipWNet_3162.lib(servlist.o)
    0x0802aef4   0x000001dc   Code   RO         1076    .text               mxchipWNet_3162.lib(leases.o)
    0x0802b0d0   0x000001c8   Code   RO         1082    .text               mxchipWNet_3162.lib(options.o)
    0x0802b298   0x0000035c   Code   RO         1089    .text               mxchipWNet_3162.lib(serverpacket.o)
    0x0802b5f4   0x00000434   Code   RO         1094    .text               mxchipWNet_3162.lib(tls.o)
    0x0802ba28   0x000005a8   Code   RO         1097    .text               mxchipWNet_3162.lib(keys.o)
    0x0802bfd0   0x0000068c   Code   RO         1100    .text               mxchipWNet_3162.lib(sha.o)
    0x0802c65c   0x00000482   Code   RO         1102    .text               mxchipWNet_3162.lib(rsa.o)
    0x0802cade   0x00000002   PAD
    0x0802cae0   0x0000008c   Code   RO         1104    .text               mxchipWNet_3162.lib(random.o)
    0x0802cb6c   0x000009fe   Code   RO         1106    .text               mxchipWNet_3162.lib(cyssl_md5.o)
    0x0802d56a   0x00000002   PAD
    0x0802d56c   0x000006a4   Code   RO         1108    .text               mxchipWNet_3162.lib(des3.o)
    0x0802dc10   0x00000170   Code   RO         1111    .text               mxchipWNet_3162.lib(coding.o)
    0x0802dd80   0x00000c94   Code   RO         1114    .text               mxchipWNet_3162.lib(asn.o)
    0x0802ea14   0x000000b8   Code   RO         1117    .text               mxchipWNet_3162.lib(arc4.o)
    0x0802eacc   0x00000df4   Code   RO         1119    .text               mxchipWNet_3162.lib(cyssl_aes.o)
    0x0802f8c0   0x0000011c   Code   RO         1124    .text               mxchipWNet_3162.lib(wwd_platform.o)
    0x0802f9dc   0x00000194   Code   RO         1128    .text               mxchipWNet_3162.lib(wwd_buffer.o)
    0x0802fb70   0x000009b0   Code   RO         1131    .text               mxchipWNet_3162.lib(sdpcm.o)
    0x08030520   0x00000200   Code   RO         1135    .text               mxchipWNet_3162.lib(wwd_internal.o)
    0x08030720   0x0000097c   Code   RO         1163    .text               mxchipWNet_3162.lib(wwd_bus_protocol.o)
    0x0803109c   0x00000390   Code   RO         1166    .text               mxchipWNet_3162.lib(wwd_ap.o)
    0x0803142c   0x000000ac   Code   RO         1170    .text               mxchipWNet_3162.lib(wwd_network.o)
    0x080314d8   0x00001e60   Code   RO         1172    .text               mxchipWNet_3162.lib(wps_enrollee.o)
    0x08033338   0x0000012a   Code   RO         1175    .text               mxchipWNet_3162.lib(tlv.o)
    0x08033462   0x00000002   PAD
    0x08033464   0x00000064   Code   RO         1179    .text               mxchipWNet_3162.lib(packet.o)
    0x080334c8   0x00002a76   Code   RO         1183    .text               mxchipWNet_3162.lib(integer.o)
    0x08035f3e   0x00000228   Code   RO         1185    .text               mxchipWNet_3162.lib(hmac.o)
    0x08036166   0x00000002   PAD
    0x08036168   0x000001b4   Code   RO         1187    .text               mxchipWNet_3162.lib(wwd_firmware.o)
    0x0803631c   0x000000ce   Code   RO         1190    .text               mxchipWNet_3162.lib(wps_common.o)
    0x080363ea   0x00000172   Code   RO         1192    .text               mxchipWNet_3162.lib(hmac_sha256.o)
    0x0803655c   0x0000017e   Code   RO         1194    .text               mxchipWNet_3162.lib(progressive_hmac.o)
    0x080366da   0x00000002   PAD
    0x080366dc   0x000008dc   Code   RO         1196    .text               mxchipWNet_3162.lib(sha256.o)
    0x08036fb8   0x000000a2   Code   RO         1202    .text               mxchipWNet_3162.lib(crypto_internal-modexp.o)
    0x0803705a   0x00000002   PAD
    0x0803705c   0x000007b4   Code   RO         1204    .text               mxchipWNet_3162.lib(cyssl_sha256.o)
    0x08037810   0x00000164   Code   RO         1210    .text               mxchipWNet_3162.lib(bignum.o)
    0x08037974   0x00000008   Code   RO         1231    .text               mc_w.l(ctype_o.o)
    0x0803797c   0x0000000c   Code   RO         1259    .text               mc_w.l(toupper.o)
    0x08037988   0x00000024   Code   RO         1261    .text               mc_w.l(rand.o)
    0x080379ac   0x00000028   Code   RO         1264    .text               mc_w.l(memcpy.o)
    0x080379d4   0x00000024   Code   RO         1268    .text               mc_w.l(memseta.o)
    0x080379f8   0x00000018   Code   RO         1270    .text               mc_w.l(strcat.o)
    0x08037a10   0x00000024   Code   RO         1272    .text               mc_w.l(strstr.o)
    0x08037a34   0x00000018   Code   RO         1274    .text               mc_w.l(strncpy.o)
    0x08037a4c   0x00000014   Code   RO         1276    .text               mc_w.l(strchr.o)
    0x08037a60   0x0000000e   Code   RO         1278    .text               mc_w.l(strlen.o)
    0x08037a6e   0x0000001c   Code   RO         1280    .text               mc_w.l(strcmp.o)
    0x08037a8a   0x00000014   Code   RO         1282    .text               mc_w.l(memchr.o)
    0x08037a9e   0x0000001a   Code   RO         1284    .text               mc_w.l(memcmp.o)
    0x08037ab8   0x00000012   Code   RO         1286    .text               mc_w.l(strcpy.o)
    0x08037aca   0x0000001e   Code   RO         1288    .text               mc_w.l(strncmp.o)
    0x08037ae8   0x0000001c   Code   RO         1583    .text               mc_w.l(calloc.o)
    0x08037b04   0x00000070   Code   RO         1587    .text               mc_w.l(strtol.o)
    0x08037b74   0x0000001a   Code   RO         1589    .text               mc_w.l(atoi.o)
    0x08037b8e   0x00000064   Code   RO         1591    .text               mf_w.l(fmul.o)
    0x08037bf2   0x0000007c   Code   RO         1593    .text               mf_w.l(fdiv.o)
    0x08037c6e   0x0000014e   Code   RO         1595    .text               mf_w.l(dadd.o)
    0x08037dbc   0x000000e4   Code   RO         1597    .text               mf_w.l(dmul.o)
    0x08037ea0   0x000000de   Code   RO         1599    .text               mf_w.l(ddiv.o)
    0x08037f7e   0x0000000a   Code   RO         1601    .text               mf_w.l(ffltui.o)
    0x08037f88   0x00000022   Code   RO         1603    .text               mf_w.l(dflti.o)
    0x08037faa   0x0000001a   Code   RO         1605    .text               mf_w.l(dfltui.o)
    0x08037fc4   0x00000028   Code   RO         1607    .text               mf_w.l(ffixui.o)
    0x08037fec   0x0000003e   Code   RO         1609    .text               mf_w.l(dfixi.o)
    0x0803802a   0x00000002   PAD
    0x0803802c   0x00000014   Code   RO         1611    .text               mf_w.l(cfrcmple.o)
    0x08038040   0x00000062   Code   RO         1659    .text               mc_w.l(uldiv.o)
    0x080380a2   0x0000001e   Code   RO         1661    .text               mc_w.l(llshl.o)
    0x080380c0   0x00000020   Code   RO         1663    .text               mc_w.l(llushr.o)
    0x080380e0   0x00000024   Code   RO         1665    .text               mc_w.l(llsshr.o)
    0x08038104   0x0000009e   Code   RO         1674    .text               mc_w.l(_strtoul.o)
    0x080381a2   0x00000000   Code   RO         1676    .text               mc_w.l(iusefp.o)
    0x080381a2   0x0000006e   Code   RO         1677    .text               mf_w.l(fepilogue.o)
    0x08038210   0x000000ba   Code   RO         1679    .text               mf_w.l(depilogue.o)
    0x080382ca   0x00000002   PAD
    0x080382cc   0x00000024   Code   RO         1689    .text               mc_w.l(init.o)
    0x080382f0   0x00000000   Code   RO         1691    .text               mc_w.l(semi.o)
    0x080382f0   0x0000001c   Code   RO         1692    .text               mc_w.l(_chval.o)
    0x0803830c   0x00000000   Code   RO         1694    .text               mc_w.l(iusesemip.o)
    0x0803830c   0x0000002e   Code   RO         1695    .text               mf_w.l(dscalb.o)
    0x0803833a   0x00000056   Code   RO         1705    .text               mc_w.l(__dczerorl2.o)
    0x08038390   0x0000001c   Code   RO         1500    i.__0fprintf$8      mc_w.l(printf8.o)
    0x080383ac   0x00000020   Code   RO         1501    i.__0printf$8       mc_w.l(printf8.o)
    0x080383cc   0x00000028   Code   RO         1502    i.__0snprintf$8     mc_w.l(printf8.o)
    0x080383f4   0x00000028   Code   RO         1503    i.__0sprintf$8      mc_w.l(printf8.o)
    0x0803841c   0x00000028   Code   RO         1685    i.__ARM_fpclassify  m_ws.l(fpclassify.o)
    0x08038444   0x00000008   Code   RO         1667    i.__aeabi_errno_addr  mc_w.l(errno.o)
    0x0803844c   0x0000005c   Code   RO         1559    i.__free$realloc    mc_w.l(mallocr.o)
    0x080384a8   0x00000388   Code   RO         1630    i.__ieee754_rem_pio2  m_ws.l(rred.o)
    0x08038830   0x000000fc   Code   RO         1613    i.__kernel_cos      m_ws.l(cos_i.o)
    0x0803892c   0x000000aa   Code   RO         1687    i.__kernel_poly     m_ws.l(poly.o)
    0x080389d6   0x00000002   PAD
    0x080389d8   0x000000ec   Code   RO         1635    i.__kernel_sin      m_ws.l(sin_i.o)
    0x08038ac4   0x00000050   Code   RO         1560    i.__malloc$realloc  mc_w.l(mallocr.o)
    0x08038b14   0x00000006   Code   RO         1617    i.__mathlib_dbl_infnan  m_ws.l(dunder.o)
    0x08038b1a   0x0000000c   Code   RO         1619    i.__mathlib_dbl_invalid  m_ws.l(dunder.o)
    0x08038b26   0x00000002   PAD
    0x08038b28   0x00000010   Code   RO         1622    i.__mathlib_dbl_underflow  m_ws.l(dunder.o)
    0x08038b38   0x0000000e   Code   RO         1699    i.__scatterload_copy  mc_w.l(handlers.o)
    0x08038b46   0x00000002   Code   RO         1700    i.__scatterload_null  mc_w.l(handlers.o)
    0x08038b48   0x0000000e   Code   RO         1701    i.__scatterload_zeroinit  mc_w.l(handlers.o)
    0x08038b56   0x00000002   PAD
    0x08038b58   0x0000000c   Code   RO         1669    i.__set_errno       mc_w.l(errno.o)
    0x08038b64   0x00000410   Code   RO         1508    i._printf_core      mc_w.l(printf8.o)
    0x08038f74   0x00000024   Code   RO         1509    i._printf_post_padding  mc_w.l(printf8.o)
    0x08038f98   0x0000002e   Code   RO         1510    i._printf_pre_padding  mc_w.l(printf8.o)
    0x08038fc6   0x00000016   Code   RO         1511    i._snputc           mc_w.l(printf8.o)
    0x08038fdc   0x0000000a   Code   RO         1512    i._sputc            mc_w.l(printf8.o)
    0x08038fe6   0x00000012   Code   RO         1655    i.fputc             mc_w.l(fputc.o)
    0x08038ff8   0x00000050   Code   RO         1561    i.internal_alloc    mc_w.l(mallocr.o)
    0x08039048   0x00000004   Code   RO         1225    i.putc              mc_w.l(putc.o)
    0x0803904c   0x00000024   Code   RO         1223    i.puts              mc_w.l(puts.o)
    0x08039070   0x0000006c   Code   RO         1562    i.realloc           mc_w.l(mallocr.o)
    0x080390dc   0x000000a0   Code   RO         1213    i.sin               m_ws.l(sin.o)
    0x0803917c   0x00000040   Data   RO          174    .constdata          base64.o
    0x080391bc   0x00001325   Data   RO          240    .constdata          http_process.o
    0x0803a4e1   0x00008fd0   Data   RO          287    .constdata          main.o
    0x080434b1   0x00000003   PAD
    0x080434b4   0x0000004c   Data   RO          800    .constdata          mxchipWNet_3162.lib(tcp.o)
    0x08043500   0x00000008   Data   RO          821    .constdata          mxchipWNet_3162.lib(wwd_bus.o)
    0x08043508   0x0000004c   Data   RO          872    .constdata          mxchipWNet_3162.lib(arp.o)
    0x08043554   0x0000009a   Data   RO          898    .constdata          mxchipWNet_3162.lib(ip.o)
    0x080435ee   0x00000007   Data   RO          939    .constdata          mxchipWNet_3162.lib(bootp.o)
    0x080435f5   0x00000003   PAD
    0x080435f8   0x000000f8   Data   RO          967    .constdata          mxchipWNet_3162.lib(cyassl_int.o)
    0x080436f0   0x00000020   Data   RO          989    .constdata          mxchipWNet_3162.lib(easylink.o)
    0x08043710   0x000000d4   Data   RO          998    .constdata          mxchipWNet_3162.lib(wifimgr.o)
    0x080437e4   0x000002e4   Data   RO         1006    .constdata          mxchipWNet_3162.lib(platform.o)
    0x08043ac8   0x00000097   Data   RO         1020    .constdata          mxchipWNet_3162.lib(wwd_wifi.o)
    0x08043b5f   0x00000001   PAD
    0x08043b60   0x00000040   Data   RO         1026    .constdata          mxchipWNet_3162.lib(stm32f2xx_platform.o)
    0x08043ba0   0x00000074   Data   RO         1035    .constdata          mxchipWNet_3162.lib(easylink2.o)
    0x08043c14   0x00000020   Data   RO         1048    .constdata          mxchipWNet_3162.lib(wps.o)
    0x08043c34   0x00000044   Data   RO         1095    .constdata          mxchipWNet_3162.lib(tls.o)
    0x08043c78   0x00000898   Data   RO         1109    .constdata          mxchipWNet_3162.lib(des3.o)
    0x08044510   0x00000050   Data   RO         1112    .constdata          mxchipWNet_3162.lib(coding.o)
    0x08044560   0x0000001b   Data   RO         1115    .constdata          mxchipWNet_3162.lib(asn.o)
    0x0804457b   0x00000001   PAD
    0x0804457c   0x00002828   Data   RO         1120    .constdata          mxchipWNet_3162.lib(cyssl_aes.o)
    0x08046da4   0x0000000c   Data   RO         1136    .constdata          mxchipWNet_3162.lib(wwd_internal.o)
    0x08046db0   0x0000000c   Data   RO         1167    .constdata          mxchipWNet_3162.lib(wwd_ap.o)
    0x08046dbc   0x000002ed   Data   RO         1188    .constdata          mxchipWNet_3162.lib(wwd_firmware.o)
    0x080470a9   0x00000003   PAD
    0x080470ac   0x00000104   Data   RO         1198    .constdata          mxchipWNet_3162.lib(sha256.o)
    0x080471b0   0x00000100   Data   RO         1205    .constdata          mxchipWNet_3162.lib(cyssl_sha256.o)
    0x080472b0   0x00000081   Data   RO         1232    .constdata          mc_w.l(ctype_o.o)
    0x08047331   0x00000003   PAD
    0x08047334   0x00000004   Data   RO         1233    .constdata          mc_w.l(ctype_o.o)
    0x08047338   0x00000030   Data   RO         1614    .constdata          m_ws.l(cos_i.o)
    0x08047368   0x000000c8   Data   RO         1632    .constdata          m_ws.l(rred.o)
    0x08047430   0x00000028   Data   RO         1636    .constdata          m_ws.l(sin_i.o)
    0x08047458   0x00000070   Data   RO          801    .conststring        mxchipWNet_3162.lib(tcp.o)
    0x080474c8   0x00000383   Data   RO          923    .conststring        mxchipWNet_3162.lib(neterrno.o)
    0x0804784b   0x00000028   Data   RO          961    .conststring        mxchipWNet_3162.lib(ssl.o)
    0x08047873   0x00000033   Data   RO          968    .conststring        mxchipWNet_3162.lib(cyassl_int.o)
    0x080478a6   0x00000031   Data   RO         1049    .conststring        mxchipWNet_3162.lib(wps.o)
    0x080478d7   0x00000001   PAD
    0x080478d8   0x00000020   Data   RO         1697    Region$$Table       anon$$obj.o


    Execution Region RW_IRAM1 (Base: 0x20000000, Size: 0x0001a768, Max: 0x00020000, ABSOLUTE, COMPRESSED[0x000002f8])

    Base Addr    Size         Type   Attr      Idx    E Section Name        Object

    0x20000000   0x00000014   Data   RW           14    .data               system_stm32f2xx.o
    0x20000014   0x0000001c   Data   RW          241    .data               http_process.o
    0x20000030   0x0000001c   Data   RW          288    .data               main.o
    0x2000004c   0x00000048   Data   RW          333    .data               stm32f2xx_it.o
    0x20000094   0x00000010   Data   RW          543    .data               stm32f2xx_rcc.o
    0x200000a4   0x0000003c   Data   RW          784    .data               mxchipWNet_3162.lib(utility.o)
    0x200000e0   0x00000048   Data   RW          792    .data               mxchipWNet_3162.lib(file.o)
    0x20000128   0x0000004e   Data   RW          802    .data               mxchipWNet_3162.lib(tcp.o)
    0x20000176   0x00000002   PAD
    0x20000178   0x00000004   Data   RW          807    .data               mxchipWNet_3162.lib(noos.o)
    0x2000017c   0x00000001   Data   RW          813    .data               mxchipWNet_3162.lib(gpio_irq.o)
    0x2000017d   0x00000003   PAD
    0x20000180   0x00000018   Data   RW          822    .data               mxchipWNet_3162.lib(wwd_bus.o)
    0x20000198   0x00000028   Data   RW          831    .data               mxchipWNet_3162.lib(mftest.o)
    0x200001c0   0x00000004   Data   RW          839    .data               mxchipWNet_3162.lib(otp.o)
    0x200001c4   0x00000021   Data   RW          853    .data               mxchipWNet_3162.lib(nfc_tag.o)
    0x200001e5   0x00000003   PAD
    0x200001e8   0x00000020   Data   RW          864    .data               mxchipWNet_3162.lib(uart.o)
    0x20000208   0x00000011   Data   RW          873    .data               mxchipWNet_3162.lib(arp.o)
    0x20000219   0x00000003   PAD
    0x2000021c   0x00000018   Data   RW          882    .data               mxchipWNet_3162.lib(dns.o)
    0x20000234   0x00000010   Data   RW          890    .data               mxchipWNet_3162.lib(icmp.o)
    0x20000244   0x00000015   Data   RW          899    .data               mxchipWNet_3162.lib(ip.o)
    0x20000259   0x00000003   PAD
    0x2000025c   0x00000039   Data   RW          915    .data               mxchipWNet_3162.lib(net.o)
    0x20000295   0x00000003   PAD
    0x20000298   0x00000098   Data   RW          924    .data               mxchipWNet_3162.lib(neterrno.o)
    0x20000330   0x00000014   Data   RW          932    .data               mxchipWNet_3162.lib(udp.o)
    0x20000344   0x00000014   Data   RW          948    .data               mxchipWNet_3162.lib(dhcpd.o)
    0x20000358   0x00000010   Data   RW          962    .data               mxchipWNet_3162.lib(ssl.o)
    0x20000368   0x00000024   Data   RW          969    .data               mxchipWNet_3162.lib(cyassl_int.o)
    0x2000038c   0x00000008   Data   RW          977    .data               mxchipWNet_3162.lib(ssl_wrap.o)
    0x20000394   0x00000044   Data   RW          990    .data               mxchipWNet_3162.lib(easylink.o)
    0x200003d8   0x00000058   Data   RW          999    .data               mxchipWNet_3162.lib(wifimgr.o)
    0x20000430   0x00000013   Data   RW         1014    .data               mxchipWNet_3162.lib(wwd_thread.o)
    0x20000443   0x00000006   Data   RW         1017    .data               mxchipWNet_3162.lib(wwd_management.o)
    0x20000449   0x00000003   PAD
    0x2000044c   0x00000014   Data   RW         1021    .data               mxchipWNet_3162.lib(wwd_wifi.o)
    0x20000460   0x0000000f   Data   RW         1027    .data               mxchipWNet_3162.lib(stm32f2xx_platform.o)
    0x2000046f   0x00000001   PAD
    0x20000470   0x00000024   Data   RW         1036    .data               mxchipWNet_3162.lib(easylink2.o)
    0x20000494   0x00000038   Data   RW         1042    .data               mxchipWNet_3162.lib(wps_host.o)
    0x200004cc   0x0000016c   Data   RW         1083    .data               mxchipWNet_3162.lib(options.o)
    0x20000638   0x00000010   Data   RW         1129    .data               mxchipWNet_3162.lib(wwd_buffer.o)
    0x20000648   0x0000001b   Data   RW         1133    .data               mxchipWNet_3162.lib(sdpcm.o)
    0x20000663   0x00000001   PAD
    0x20000664   0x00000010   Data   RW         1137    .data               mxchipWNet_3162.lib(wwd_internal.o)
    0x20000674   0x00000002   Data   RW         1164    .data               mxchipWNet_3162.lib(wwd_bus_protocol.o)
    0x20000676   0x00000002   Data   RW         1168    .data               mxchipWNet_3162.lib(wwd_ap.o)
    0x20000678   0x000000c6   Data   RW         1173    .data               mxchipWNet_3162.lib(wps_enrollee.o)
    0x2000073e   0x00000002   PAD
    0x20000740   0x00000004   Data   RW         1209    .data               mxchipWNet_3162.lib(wifi_image.o)
    0x20000744   0x00000004   Data   RW         1229    .data               mc_w.l(stdout.o)
    0x20000748   0x00000004   Data   RW         1230    .data               mc_w.l(stderr.o)
    0x2000074c   0x00000004   Data   RW         1262    .data               mc_w.l(rand.o)
    0x20000750   0x00000004   Data   RW         1585    .data               mc_w.l(mvars.o)
    0x20000754   0x00000004   Data   RW         1586    .data               mc_w.l(mvars.o)
    0x20000758   0x00000004   Data   RW         1670    .data               mc_w.l(errno.o)
    0x2000075c   0x00000020   Zero   RW          239    .bss                http_process.o
    0x2000077c   0x00006124   Zero   RW          286    .bss                main.o
    0x200068a0   0x00000426   Zero   RW          799    .bss                mxchipWNet_3162.lib(tcp.o)
    0x20006cc6   0x00000002   PAD
    0x20006cc8   0x000000c0   Zero   RW          812    .bss                mxchipWNet_3162.lib(gpio_irq.o)
    0x20006d88   0x00000800   Zero   RW          820    .bss                mxchipWNet_3162.lib(wwd_bus.o)
    0x20007588   0x00000040   Zero   RW          829    .bss                mxchipWNet_3162.lib(mftest.o)
    0x200075c8   0x00000020   Zero   RW          838    .bss                mxchipWNet_3162.lib(otp.o)
    0x200075e8   0x00000010   Zero   RW          858    .bss                mxchipWNet_3162.lib(haier.o)
    0x200075f8   0x00000a64   Zero   RW          863    .bss                mxchipWNet_3162.lib(uart.o)
    0x2000805c   0x00000258   Zero   RW          871    .bss                mxchipWNet_3162.lib(arp.o)
    0x200082b4   0x000005f0   Zero   RW          880    .bss                mxchipWNet_3162.lib(dns.o)
    0x200088a4   0x000003b4   Zero   RW          897    .bss                mxchipWNet_3162.lib(ip.o)
    0x20008c58   0x00000138   Zero   RW          913    .bss                mxchipWNet_3162.lib(net.o)
    0x20008d90   0x00000038   Zero   RW          946    .bss                mxchipWNet_3162.lib(dhcpd.o)
    0x20008dc8   0x00000050   Zero   RW          982    .bss                mxchipWNet_3162.lib(cyassl_mem.o)
    0x20008e18   0x00000420   Zero   RW          988    .bss                mxchipWNet_3162.lib(easylink.o)
    0x20009238   0x00000131   Zero   RW          997    .bss                mxchipWNet_3162.lib(wifimgr.o)
    0x20009369   0x00000003   PAD
    0x2000936c   0x0000029c   Zero   RW         1034    .bss                mxchipWNet_3162.lib(easylink2.o)
    0x20009608   0x00000858   Zero   RW         1041    .bss                mxchipWNet_3162.lib(wps_host.o)
    0x20009e60   0x0000006c   Zero   RW         1047    .bss                mxchipWNet_3162.lib(wps.o)
    0x20009ecc   0x00000224   Zero   RW         1090    .bss                mxchipWNet_3162.lib(serverpacket.o)
    0x2000a0f0   0x0000003c   Zero   RW         1132    .bss                mxchipWNet_3162.lib(sdpcm.o)
    0x2000a12c   0x0000003c   Zero   RW         1197    .bss                mxchipWNet_3162.lib(sha256.o)
    0x2000a168   0x00010200   Zero   RW            2    HEAP                startup_stm32f2xx.o
    0x2001a368   0x00000400   Zero   RW            1    STACK               startup_stm32f2xx.o


==============================================================================

Image component sizes


      Code (inc. data)   RO Data    RW Data    ZI Data      Debug   Object Name

       520          4         64          0          0       4022   base64.o
        64          8          0          0          0       7137   flash_configurations.o
       612         52          0          0          0       3252   flash_if.o
      2968        428       4901         28         32      38496   http_process.o
      1296        190      36816         28      24868       4658   main.o
       224         20          0          0          0       1929   misc.o
        36          8        388          0      67072        836   startup_stm32f2xx.o
      1124         24          0          0          0      10602   stm32f2xx_adc.o
       528          6          0          0          0       4993   stm32f2xx_dac.o
       936         32          0          0          0       6457   stm32f2xx_dma.o
       284         10          0          0          0       2383   stm32f2xx_exti.o
      1212         26          0          0          0       7041   stm32f2xx_flash.o
       604         36          0          0          0       4085   stm32f2xx_gpio.o
      1086         26          0          0          0       8456   stm32f2xx_i2c.o
       966        138          0         72          0      27864   stm32f2xx_it.o
       216         12          0          0          0       2316   stm32f2xx_pwr.o
      1416         48          0         16          0      11115   stm32f2xx_rcc.o
       160          4          0          0          0       1752   stm32f2xx_rng.o
      2824         36          0          0          0      12177   stm32f2xx_rtc.o
       476         16          0          0          0       7284   stm32f2xx_sdio.o
       936         22          0          0          0       6488   stm32f2xx_spi.o
       140         12          0          0          0       1575   stm32f2xx_syscfg.o
      3234         60          0          0          0      22972   stm32f2xx_tim.o
      1050         26          0          0          0       7820   stm32f2xx_usart.o
       480         36          0         20          0     348423   system_stm32f2xx.o

    ----------------------------------------------------------------------
     23400       1280      42204        164      91972     554133   Object Totals
         0          0         32          0          0          0   (incl. Generated)
         8          0          3          0          0          0   (incl. Padding)

    ----------------------------------------------------------------------

      Code (inc. data)   RO Data    RW Data    ZI Data      Debug   Library Member Name

       252         22         48          0          0        124   cos_i.o
        34          6          0          0          0        204   dunder.o
        40          0          0          0          0         68   fpclassify.o
       170          0          0          0          0         96   poly.o
       904         76        200          0          0        140   rred.o
       160         10          0          0          0        108   sin.o
       236         12         40          0          0        128   sin_i.o
        86          0          0          0          0          0   __dczerorl2.o
        28          0          0          0          0         68   _chval.o
       158          0          0          0          0         92   _strtoul.o
        26          0          0          0          0         80   atoi.o
        28          0          0          0          0         76   calloc.o
         8          4        133          0          0         68   ctype_o.o
         0          0          0          0          0          0   entry.o
         0          0          0          0          0          0   entry10a.o
         0          0          0          0          0          0   entry11a.o
         8          4          0          0          0          0   entry2.o
         4          0          0          0          0          0   entry5.o
         0          0          0          0          0          0   entry7b.o
         0          0          0          0          0          0   entry8b.o
         8          4          0          0          0          0   entry9a.o
        20         10          0          4          0        136   errno.o
        18          0          0          0          0         80   fputc.o
        30          0          0          0          0          0   handlers.o
        36          8          0          0          0         68   init.o
         0          0          0          0          0          0   iusefp.o
         0          0          0          0          0          0   iusesemip.o
        30          0          0          0          0         68   llshl.o
        36          0          0          0          0         68   llsshr.o
        32          0          0          0          0         68   llushr.o
       360         30          0          0          0        356   mallocr.o
        20          0          0          0          0         68   memchr.o
        26          0          0          0          0         80   memcmp.o
        40          0          0          0          0         76   memcpy.o
        36          0          0          0          0        108   memseta.o
         0          0          0          8          0          0   mvars.o
      1294         70          0          0          0        740   printf8.o
         4          0          0          0          0         68   putc.o
        36          6          0          0          0         80   puts.o
        36         10          0          4          0        136   rand.o
         0          0          0          0          0          0   semi.o
         0          0          0          4          0          0   stderr.o
         0          0          0          4          0          0   stdout.o
        24          0          0          0          0         68   strcat.o
        20          0          0          0          0         68   strchr.o
        28          0          0          0          0         76   strcmp.o
        18          0          0          0          0         68   strcpy.o
        14          0          0          0          0         68   strlen.o
        30          0          0          0          0         80   strncmp.o
        24          0          0          0          0         76   strncpy.o
        36          0          0          0          0         80   strstr.o
       112          0          0          0          0         88   strtol.o
        12          0          0          0          0         68   toupper.o
        98          0          0          0          0         92   uldiv.o
        20          0          0          0          0         68   cfrcmple.o
       334          0          0          0          0        148   dadd.o
       222          0          0          0          0        100   ddiv.o
       186          0          0          0          0        176   depilogue.o
        62          0          0          0          0         80   dfixi.o
        34          0          0          0          0         76   dflti.o
        26          0          0          0          0         76   dfltui.o
       228          0          0          0          0         96   dmul.o
        46          0          0          0          0         80   dscalb.o
       124          0          0          0          0         88   fdiv.o
       110          0          0          0          0        168   fepilogue.o
        40          0          0          0          0         68   ffixui.o
        10          0          0          0          0         68   ffltui.o
       100          0          0          0          0         76   fmul.o
       184          0          0          0          0        144   arc4.o
      6504        556         76         17        600       1412   arp.o
      3220         14         27          0          0       1108   asn.o
       356          0          0          0          0        388   bignum.o
      3288        156          7          0          0        488   bootp.o
       448         18          0          0          0        304   bsdname.o
       368          4         80          0          0         96   coding.o
       162          0          0          0          0         92   crypto_internal-modexp.o
     11080       1442        299         36          0       2516   cyassl_int.o
       220          4          0          0         80        172   cyassl_mem.o
      3572         84      10280          0          0        584   cyssl_aes.o
      2558        262          0          0          0        420   cyssl_md5.o
      1972         40        256          0          0        432   cyssl_sha256.o
      1700         50       2200          0          0        520   des3.o
       504         48          0         20         56        224   dhcpd.o
      1692         68          0         24       1520        312   dns.o
      1956        116         32         68       1056        584   easylink.o
      1440         78        116         36        668        316   easylink2.o
      6500        364          0         72          0       3268   file.o
       584         46          0          0          0        400   flash.o
       760         36          0          1        192        172   gpio_irq.o
      1580          4          0          0         16       2404   haier.o
       552          0          0          0          0        196   hmac.o
       370          0          0          0          0        176   hmac_sha256.o
      1568        124          0         16          0        404   icmp.o
      1244         14          0          0          0        468   igmp.o
     10870          0          0          0          0       2320   integer.o
      3000        218        154         21        948        996   ip.o
      1448         56          0          0          0        300   keys.o
       476         14          0          0          0        352   leases.o
      2546        264          0          0          0        332   md5.o
       212          0          0          0          0        528   mem.o
      1824        500          0         40         64        528   mftest.o
      6612        506          0         57        312       1672   net.o
       452        166        899        152          0        192   neterrno.o
      1160         54          0         33          0        440   nfc_tag.o
        16          4          0          4          0         68   noos.o
       456         10          0        364          0        236   options.o
       328         30          0          4         32        224   otp.o
       100         14          0          0          0         80   packet.o
        68          6        740          0          0        236   platform.o
       382          0          0          0          0        156   progressive_hmac.o
       140          4          0          0          0        172   random.o
      1154          0          0          0          0        468   rsa.o
      2480        142          0         27         60        604   sdpcm.o
       860         22          0          0        548        308   serverpacket.o
       908         24          0          0          0        304   servlist.o
      1676         34          0          0          0        432   sha.o
      2268         82        260          0         60        428   sha256.o
      2698        600         40         16          0       1268   ssl.o
       384         22          0          8          0        336   ssl_wrap.o
      3100         78         64         15          0        940   stm32f2xx_platform.o
     13372        476        188         78       1062       2900   tcp.o
      1076         20         68          0          0        572   tls.o
       298          0          0          0          0        216   tlv.o
      1800         96          0         32       2660        752   uart.o
      4348         60          0         20          0        884   udp.o
      1896        396          0         60          0        788   utility.o
         0          0          0          4          0          0   wifi_image.o
      4816        394        212         88        305       1652   wifimgr.o
       172          8         81          0        108        108   wps.o
       206          0          0          0          0        164   wps_common.o
      7776        160          0        198          0       1100   wps_enrollee.o
      2440        204          0         56       2136       1272   wps_host.o
       912         60         12          2          0        220   wwd_ap.o
       404         18          0         16          0        320   wwd_buffer.o
      1840        100          8         24       2048        440   wwd_bus.o
      2428         32          0          2          0        812   wwd_bus_protocol.o
       436         78        749          0          0        152   wwd_firmware.o
       512         12         12         16          0        192   wwd_internal.o
       568         50          0          6          0        276   wwd_management.o
       172          0          0          0          0        116   wwd_network.o
       284         18          0          0          0        316   wwd_platform.o
       164          4          0          0          0        388   wwd_rtos.o
       652         54          0         19          0        448   wwd_thread.o
      8152        728        151         20          0       2024   wwd_wifi.o

    ----------------------------------------------------------------------
    160912       9618      17444       1720      14536      53284   Library Totals
        26          0         12         24          5          0   (incl. Padding)

    ----------------------------------------------------------------------

      Code (inc. data)   RO Data    RW Data    ZI Data      Debug   Library Name

      1796        126        288          0          0        868   m_ws.l
      2824        146        133         24          0       3416   mc_w.l
      1542          0          0          0          0       1368   mf_w.l
    154724       9346      17011       1672      14531      47632   mxchipWNet_3162.lib

    ----------------------------------------------------------------------
    160912       9618      17444       1720      14536      53284   Library Totals

    ----------------------------------------------------------------------

==============================================================================


      Code (inc. data)   RO Data    RW Data    ZI Data      Debug   

    184312      10898      59648       1884     106508     592985   Grand Totals
    184312      10898      59648        760     106508     592985   ELF Image Totals (compressed)
    184312      10898      59648        760          0          0   ROM Totals

==============================================================================

    Total RO  Size (Code + RO Data)               243960 ( 238.24kB)
    Total RW  Size (RW Data + ZI Data)            108392 ( 105.85kB)
    Total ROM Size (Code + RO Data + RW Data)     244720 ( 238.98kB)

==============================================================================

