<html>
<body>
<pre>
<h1>µVision Build Log</h1>
<h2>Tool Versions:</h2>
IDE-Version: µVision V5.17.0.0
Copyright (C) 2015 ARM Ltd and ARM Germany GmbH. All rights reserved.
License Information: Javier Cebrian, UAH, LIC=V852Z-JNV8D-22BL4-FI50B-EBBKT-Y8E3A
 
Tool Versions:
Toolchain:       MDK-ARM Professional  Version: 5.17
Toolchain Path:  C:\Keil_v5\ARM\ARMCC\Bin
C Compiler:      Armcc.exe V5.06 update 1 (build 61)
Assembler:       Armasm.exe V5.06 update 1 (build 61)
Linker/Locator:  ArmLink.exe V5.06 update 1 (build 61)
Library Manager: ArmAr.exe V5.06 update 1 (build 61)
Hex Converter:   FromElf.exe V5.06 update 1 (build 61)
CPU DLL:         SARMCM3.DLL V5.17
Dialog DLL:      DCM.DLL V1.13.4.0
Target DLL:      STLink\ST-LINKIII-KEIL_SWO.dll V2.0.18.0
Dialog DLL:      TCM.DLL V1.14.6.0
 
<h2>Project:</h2>
C:\Users\Jota16\Desktop\TFG\Sist_Balizam_FINAL\Projects\Demo4_Webserver_OTA\RVMDK\Webserver_BPSK.uvprojx
Project File Date:  12/22/2017

<h2>Output:</h2>
*** Using Compiler 'V5.06 update 1 (build 61)', folder: 'C:\Keil_v5\ARM\ARMCC\Bin'
Rebuild target 'Webserver_BPSK'
assembling startup_stm32f2xx.s...
compiling base64.c...
compiling flash_if.c...
compiling flash_configurations.c...
compiling system_stm32f2xx.c...
compiling http_process.c...
compiling stm32f2xx_it.c...
compiling main.c...
compiling misc.c...
compiling stm32f2xx_adc.c...
compiling stm32f2xx_dma.c...
compiling stm32f2xx_exti.c...
compiling stm32f2xx_flash.c...
compiling stm32f2xx_gpio.c...
compiling stm32f2xx_pwr.c...
compiling stm32f2xx_rcc.c...
compiling stm32f2xx_rtc.c...
compiling stm32f2xx_sdio.c...
compiling stm32f2xx_spi.c...
compiling stm32f2xx_syscfg.c...
compiling stm32f2xx_tim.c...
compiling stm32f2xx_usart.c...
compiling stm32f2xx_i2c.c...
compiling stm32f2xx_rng.c...
compiling stm32f2xx_dac.c...
linking...
Program Size: Code=184312 RO-data=59648 RW-data=1884 ZI-data=106508  
After Build - User command #1: fromelf --bin .\Obj\Webserver_OTA.axf --output ..\Output\Webserver_OTA.bin
".\Obj\Webserver_OTA.axf" - 0 Error(s), 0 Warning(s).

<h2>Software Packages used:</h2>

Package Vendor: ARM
                http://www.keil.com/pack/ARM.CMSIS.4.5.0.pack
                ARM::CMSIS:CORE:4.3.0
                CMSIS (Cortex Microcontroller Software Interface Standard)
   * Component: CORE Version: 4.3.0

<h2>Collection of Component include folders:</h2>
  C:\Users\Jota16\Desktop\TFG\Sist_Balizam_FINAL\Projects\Demo4_Webserver_OTA\RVMDK\RTE
  C:\Keil_v5\ARM\PACK\ARM\CMSIS\4.5.0\CMSIS\Include
  C:\Keil_v5\ARM\PACK\Keil\STM32F2xx_DFP\2.6.0\Drivers\CMSIS\Device\ST\STM32F2xx\Include

<h2>Collection of Component Files used:</h2>

   * Component: ARM::CMSIS:CORE:4.3.0
Build Time Elapsed:  00:00:12
</pre>
</body>
</html>
